  background.cpp
  bgX.cpp
  BlackThingsX.cpp
  boostUI.cpp
  bullet.cpp
  camera.cpp
  coin10X.cpp
  deadzoneX.cpp
  debrisX.cpp
  debugproc.cpp
  DStarX.cpp
  effect.cpp
  effect3D.cpp
  enemy.cpp
  explosion.cpp
  fade.cpp
  game.cpp
  gameBG.cpp
  gameoverX.cpp
  input.cpp
  コードを生成中...
  コンパイル中...
  light.cpp
  main.cpp
  manager.cpp
  mfX.cpp
  model.cpp
  number.cpp
  object.cpp
  object2D.cpp
  object3D.cpp
  objectBillboard.cpp
  objectX.cpp
  pause.cpp
  player.cpp
  playerX.cpp
  renderer.cpp
  result.cpp
  score.cpp
  scrapX.cpp
  SmallThingsX.cpp
  sound.cpp
  コードを生成中...
  コンパイル中...
  spaceshipX.cpp
  spaceship_rotationX.cpp
  stardustX.cpp
  timer.cpp
  title.cpp
  titleEarthX.cpp
  titleOBJ.cpp
  tutorial.cpp
  tutorialOBJ.cpp
  UFO.cpp
  コードを生成中...
  LINK : 前回のインクリメンタル リンクで C:\Users\student\Documents\Git\C-\CplusDX\Debug\CplusDX.exe が見つからなかったか、ビルドされませんでした。フル リンクを行います。
  CplusDX.vcxproj -> C:\Users\student\Documents\Git\C-\CplusDX\Debug\CplusDX.exe
