  camera.cpp
  debugproc.cpp
  effect.cpp
  game.cpp
C:\Users\student\source\repos\Fly Again\game.cpp(166,9): warning C4189: 'fPosZ': ローカル変数が初期化されましたが、参照されていません
  light.cpp
  main.cpp
  manager.cpp
  number.cpp
  object.cpp
  object2D.cpp
  object3D.cpp
  objectBillboard.cpp
  objectX.cpp
  pause.cpp
  renderer.cpp
  result.cpp
  score.cpp
  timer.cpp
  title.cpp
C:\Users\student\source\repos\Fly Again\title.cpp(129,8): warning C4189: 'fPosX': ローカル変数が初期化されましたが、参照されていません
  tutorial.cpp
  コードを生成中...
  Fly Again.vcxproj -> C:\Users\student\source\repos\Fly Again\Debug\Fly Again.exe
