  background.cpp
  bgX.cpp
  BlackThingsX.cpp
  boostUI.cpp
  bullet.cpp
  camera.cpp
  coin10X.cpp
  deadzoneX.cpp
  debrisX.cpp
  debugproc.cpp
  effect.cpp
  effect3D.cpp
  enemy.cpp
  explosion.cpp
  fade.cpp
  game.cpp
  input.cpp
  light.cpp
  main.cpp
  manager.cpp
  コンパイル中...
  model.cpp
  number.cpp
  object.cpp
  object2D.cpp
  object3D.cpp
  objectBillboard.cpp
  objectX.cpp
  pause.cpp
  player.cpp
  playerX.cpp
  renderer.cpp
  result.cpp
  score.cpp
  scrapX.cpp
  SmallThingsX.cpp
  sound.cpp
  stardustX.cpp
  timer.cpp
  title.cpp
  titleEarthX.cpp
  コンパイル中...
  titleOBJ.cpp
  tutorial.cpp
  tutorialOBJ.cpp
  コード生成しています。
  Previous IPDB not found, fall back to full compilation.
  All 491 functions were compiled because no usable IPDB/IOBJ from previous compilation was found.
  コード生成が終了しました。
  CplusDX.vcxproj -> C:\Users\student\source\repos\CplusDX\CplusDX.exe
