c:\users\student\source\repos\cplusdx\release\vc142.pdb
c:\users\student\source\repos\cplusdx\release\light.obj
c:\users\student\source\repos\cplusdx\release\input.obj
c:\users\student\source\repos\cplusdx\release\gamebg.obj
c:\users\student\source\repos\cplusdx\release\game.obj
c:\users\student\source\repos\cplusdx\release\fade.obj
c:\users\student\source\repos\cplusdx\release\explosion.obj
c:\users\student\source\repos\cplusdx\release\enemy.obj
c:\users\student\source\repos\cplusdx\release\effect3d.obj
c:\users\student\source\repos\cplusdx\release\effect.obj
c:\users\student\source\repos\cplusdx\release\dstarx.obj
c:\users\student\source\repos\cplusdx\release\debugproc.obj
c:\users\student\source\repos\cplusdx\release\debrisx.obj
c:\users\student\source\repos\cplusdx\release\deadzonex.obj
c:\users\student\source\repos\cplusdx\release\coin10x.obj
c:\users\student\source\repos\cplusdx\release\camera.obj
c:\users\student\source\repos\cplusdx\release\bullet.obj
c:\users\student\source\repos\cplusdx\release\boostui.obj
c:\users\student\source\repos\cplusdx\release\blackthingsx.obj
c:\users\student\source\repos\cplusdx\release\bgx.obj
c:\users\student\source\repos\cplusdx\release\background.obj
c:\users\student\source\repos\cplusdx\release\spaceship_rotationx.obj
c:\users\student\source\repos\cplusdx\release\spaceshipx.obj
c:\users\student\source\repos\cplusdx\release\sound.obj
c:\users\student\source\repos\cplusdx\release\smallthingsx.obj
c:\users\student\source\repos\cplusdx\release\scrapx.obj
c:\users\student\source\repos\cplusdx\release\score.obj
c:\users\student\source\repos\cplusdx\release\result.obj
c:\users\student\source\repos\cplusdx\release\renderer.obj
c:\users\student\source\repos\cplusdx\release\playerx.obj
c:\users\student\source\repos\cplusdx\release\player.obj
c:\users\student\source\repos\cplusdx\release\pause.obj
c:\users\student\source\repos\cplusdx\release\objectx.obj
c:\users\student\source\repos\cplusdx\release\objectbillboard.obj
c:\users\student\source\repos\cplusdx\release\object3d.obj
c:\users\student\source\repos\cplusdx\release\object2d.obj
c:\users\student\source\repos\cplusdx\release\object.obj
c:\users\student\source\repos\cplusdx\release\number.obj
c:\users\student\source\repos\cplusdx\release\model.obj
c:\users\student\source\repos\cplusdx\release\manager.obj
c:\users\student\source\repos\cplusdx\release\main.obj
c:\users\student\source\repos\cplusdx\release\ufo.obj
c:\users\student\source\repos\cplusdx\release\tutorialobj.obj
c:\users\student\source\repos\cplusdx\release\tutorial.obj
c:\users\student\source\repos\cplusdx\release\titleobj.obj
c:\users\student\source\repos\cplusdx\release\titleearthx.obj
c:\users\student\source\repos\cplusdx\release\title.obj
c:\users\student\source\repos\cplusdx\release\timer.obj
c:\users\student\source\repos\cplusdx\release\stardustx.obj
c:\users\student\source\repos\cplusdx\release\mfx.obj
c:\users\student\source\repos\cplusdx\cplusdx.exe
c:\users\student\source\repos\cplusdx\release\cplusdx.ipdb
c:\users\student\source\repos\cplusdx\release\cplusdx.iobj
c:\users\student\source\repos\cplusdx\cplusdx.pdb
c:\users\student\source\repos\cplusdx\release\cplusdx.tlog\cl.command.1.tlog
c:\users\student\source\repos\cplusdx\release\cplusdx.tlog\cl.read.1.tlog
c:\users\student\source\repos\cplusdx\release\cplusdx.tlog\cl.write.1.tlog
c:\users\student\source\repos\cplusdx\release\cplusdx.tlog\link.command.1.tlog
c:\users\student\source\repos\cplusdx\release\cplusdx.tlog\link.read.1.tlog
c:\users\student\source\repos\cplusdx\release\cplusdx.tlog\link.write.1.tlog
